============================= test session starts =============================
platform win32 -- Python 3.10.8, pytest-9.0.2, pluggy-1.6.0 -- C:\Users\labou\Desktop\Research\venv\Scripts\python.exe
cachedir: .pytest_cache
rootdir: C:\Users\labou\Desktop\Research
configfile: pytest.ini
plugins: cov-7.0.0
collecting ... collected 45 items

tests/test_bound_analyzer.py::TestTighteningSeverity::test_moderate_tightening_upper_bound PASSED [  2%]
tests/test_bound_analyzer.py::TestTighteningSeverity::test_extreme_tightening_upper_bound PASSED [  4%]
tests/test_bound_analyzer.py::TestTighteningSeverity::test_tightening_lower_bound PASSED [  6%]
tests/test_bound_analyzer.py::TestTighteningSeverity::test_loosening_returns_zero PASSED [  8%]
tests/test_bound_analyzer.py::TestTighteningSeverity::test_unknown_variable_fallback PASSED [ 11%]
tests/test_bound_analyzer.py::TestPercentageCalculation::test_percentage_change PASSED [ 13%]
tests/test_bound_analyzer.py::TestPercentageCalculation::test_zero_original_constant PASSED [ 15%]
tests/test_bound_analyzer.py::TestSeverityCategorization::test_categorize_minor PASSED [ 17%]
tests/test_bound_analyzer.py::TestSeverityCategorization::test_categorize_moderate PASSED [ 20%]
tests/test_bound_analyzer.py::TestSeverityCategorization::test_categorize_severe PASSED [ 22%]
tests/test_bound_analyzer.py::TestSeverityCategorization::test_categorize_extreme PASSED [ 24%]
tests/test_change_extractor.py::TestRelationExtraction::test_extract_single_relation PASSED [ 26%]
tests/test_change_extractor.py::TestRelationExtraction::test_extract_conjunction PASSED [ 28%]
tests/test_change_extractor.py::TestRelationExtraction::test_extract_disjunction PASSED [ 31%]
tests/test_change_extractor.py::TestRelationExtraction::test_extract_nested PASSED [ 33%]
tests/test_change_extractor.py::TestRelationParsing::test_parse_variable_lt_constant PASSED [ 35%]
tests/test_change_extractor.py::TestRelationParsing::test_parse_variable_gt_constant PASSED [ 37%]
tests/test_change_extractor.py::TestRelationParsing::test_parse_all_operators PASSED [ 40%]
tests/test_change_extractor.py::TestChangeClassification::test_tightening_upper_bound PASSED [ 42%]
tests/test_change_extractor.py::TestChangeClassification::test_loosening_upper_bound PASSED [ 44%]
tests/test_change_extractor.py::TestChangeClassification::test_tightening_lower_bound PASSED [ 46%]
tests/test_change_extractor.py::TestChangeClassification::test_loosening_lower_bound PASSED [ 48%]
tests/test_change_extractor.py::TestChangeClassification::test_unchanged PASSED [ 51%]
tests/test_change_extractor.py::TestChangeExtraction::test_extract_single_change PASSED [ 53%]
tests/test_change_extractor.py::TestChangeExtraction::test_extract_multiple_changes PASSED [ 55%]
tests/test_change_extractor.py::TestChangeExtraction::test_no_changes PASSED [ 57%]
tests/test_change_extractor.py::TestChangeExtraction::test_unmatched_relations PASSED [ 60%]
tests/test_justification_checker.py::TestJustificationChecking::test_justified_by_clustering PASSED [ 62%]
tests/test_justification_checker.py::TestJustificationChecking::test_unjustified_no_evidence PASSED [ 64%]
tests/test_justification_checker.py::TestJustificationChecking::test_unjustified_wrong_variable PASSED [ 66%]
tests/test_justification_checker.py::TestJustificationChecking::test_unjustified_far_from_bound PASSED [ 68%]
tests/test_minimality_examples.py::TestExamples::test_example_justified_tightening PASSED [ 71%]
tests/test_minimality_examples.py::TestExamples::test_example_unjustified_tightening PASSED [ 73%]
tests/test_minimality_examples.py::TestExamples::test_example_no_evidence PASSED [ 75%]
tests/test_minimality_scorer.py::TestScoreComputation::test_no_changes_perfect_score PASSED [ 77%]
tests/test_minimality_scorer.py::TestScoreComputation::test_all_justified_perfect_score PASSED [ 80%]
tests/test_minimality_scorer.py::TestScoreComputation::test_all_unjustified_low_score PASSED [ 82%]
tests/test_minimality_scorer.py::TestScoreComputation::test_mixed_changes_moderate_score PASSED [ 84%]
tests/test_minimality_scorer.py::TestScoreComputation::test_loosening_not_penalized PASSED [ 86%]
tests/test_minimality_scorer.py::TestWeightedScoring::test_custom_weights FAILED [ 88%]
tests/test_minimality_validator.py::TestEndToEndValidation::test_justified_refinement_passes PASSED [ 91%]
tests/test_minimality_validator.py::TestEndToEndValidation::test_unjustified_refinement_fails PASSED [ 93%]
tests/test_minimality_validator.py::TestEndToEndValidation::test_no_changes_passes FAILED [ 95%]
tests/test_minimality_validator.py::TestEndToEndValidation::test_multiple_changes_mixed_justification PASSED [ 97%]
tests/test_minimality_validator.py::TestValidationWithoutEvidence::test_no_evidence_all_unjustified PASSED [100%]

================================== FAILURES ===================================
___________________ TestWeightedScoring.test_custom_weights ___________________
tests\test_minimality_scorer.py:182: in test_custom_weights
    assert score_high_just > score_high_mag
E   assert 0.5 > 0.5
________________ TestEndToEndValidation.test_no_changes_passes ________________
tests\test_minimality_validator.py:95: in test_no_changes_passes
    assert result.total_changes == 0
E   assert 1 == 0
E    +  where 1 = MinimalityResult(original_rule="Disjunction(items=[Relation(left=Variable(name='dist_front'), op=<RelOp.LT: '<'>, right=Constant(value=10.0))])", refined_rule="Disjunction(items=[Relation(left=Variable(name='dist_front'), op=<RelOp.LT: '<'>, right=Constant(value=10.0))])", overall_score=0.5, relation_changes=[RelationChange(variable='dist_front', operator='<', original_constant=10.0, refined_constant=10.0, delta=0.0, change_type='unchanged', magnitude=0.0, is_justified=False, justification='')], unjustified_tightenings=[], unjustified_loosenings=[], total_changes=1, justified_changes=0, passed_minimality=False).total_changes
=========================== short test summary info ===========================
FAILED tests/test_minimality_scorer.py::TestWeightedScoring::test_custom_weights
FAILED tests/test_minimality_validator.py::TestEndToEndValidation::test_no_changes_passes
======================== 2 failed, 43 passed in 0.63s =========================
